[backblue.gif]
[fade.gif]
[index.html]
[use.typekit.net/ezf8yup.css]
[portion.io/images/favicon.png]
[portion.io/images/hero-illus@2xa.png]
[portion.io/images/what-left-base@2x.png]
[portion.io/images/what-right-base@2x.png]
[portion.io/images/how-dist@2x.png]
[portion.io/images/slideshow/1_LogIn.jpg]
[portion.io/images/slideshow/2_User-Profile.jpg]
[portion.io/images/slideshow/3_Certificates.jpg]
[portion.io/images/slideshow/4_ScrollingGoods.jpg]
[portion.io/images/slideshow/5_Individual.jpg]
[portion.io/images/leader-rosenstein@2x.jpg]
[portion.io/images/leader-engleman@2x.jpg]
[portion.io/images/leader-colson@2x.jpg]
[portion.io/images/leader-robin@2x.jpg]
[portion.io/images/advisor-cohen@2x.jpg]
[portion.io/images/advisor-vroom@2x.jpg]
[portion.io/images/advisor-strongin@2x.jpg]
[portion.io/images/advisor-may@2x.jpg]
[portion.io/images/advisor-bailey@2x.jpg]
[portion.io/images/advisor-mccormack@2x.jpg]
[portion.io/images/advisor-serdari@2x.jpg]
[portion.io/images/advisor-dalal@2x.jpg]
[portion.io/images/advisor-boundikas@2x.jpg]
[portion.io/images/advisor-logan@2x.jpg]
[portion.io/images/advisor-michael@2x.jpg]
[portion.io/images/advisor-lewis@2x.jpg]
[portion.io/images/partner-gd@2x.png]
[portion.io/images/partner-jm@2x.png]
[portion.io/images/partner-colliq@2x.png]
[portion.io/images/partner-malca@2x.png]
[portion.io/images/partner-blonde@2x.png]
[portion.io/images/partner-griflan@2x.png]
[portion.io/downloads/Portion_Whitepaper.pdf]
[ajax.googleapis.com/ajax/libs/jquery/3.1.1/jquery.min.js]
[portion.io/js/scrollmagic/uncompressed/ScrollMagic.js]
[cdnjs.cloudflare.com/ajax/libs/gsap/latest/TweenMax.min.js]
[portion.io/js/scrollmagic/uncompressed/plugins/animation.gsap.js]
[cdnjs.cloudflare.com/ajax/libs/gsap/1.17.0/utils/Draggable.min.js]
[portion.io/js/ThrowPropsPlugin.js]
[portion.io/js/CustomEase.js]
[portion.io/js/DrawSVGPlugin.js]
[portion.io/js/jquery.scrollstop.min.js]
[portion.io/js/portion.js]
[www.google-analytics.com/analytics.js]
[portion.io/index.html]
[www.googletagmanager.com/gtm5445.html]
[use.typekit.net/af/23df60/00000000000000003b9b19e0/27/l3eab]
[use.typekit.net/af/23df60/00000000000000003b9b19e0/27/d3eab]
[use.typekit.net/af/23df60/00000000000000003b9b19e0/27/a3eab]
[use.typekit.net/af/fd1342/00000000000000003b9b19e4/27/l652f]
[use.typekit.net/af/fd1342/00000000000000003b9b19e4/27/d652f]
[use.typekit.net/ezf8yup.css]
[portion.io/css/normalize.css]
[portion.io/css/fonts/icomoon317e.eot]
[use.typekit.net/af/fd1342/00000000000000003b9b19e4/27/a652f]
[portion.io/css/fonts/icomoon317e.woff2]
[portion.io/css/fonts/icomoon317e.ttf]
[portion.io/css/fonts/icomoon317e.woff]
[portion.io/css/icons.css]
[portion.io/css/fonts/mermaid1001-webfont.woff2]
[portion.io/css/fonts/mermaid1001-webfont.woff]
[portion.io/css/style.css]
[portion.io/images/logo-gold.svg]
[portion.io/images/ornament1-white.svg]
[portion.io/images/logo-mark-blue.svg]
[portion.io/images/logo-mark-gold.svg]
[portion.io/images/ornament3.svg]
[portion.io/images/circle-text.svg]
[portion.io/images/parts/hero-door.svg]
[portion.io/images/ornament1.svg]
[portion.io/images/parts/what-art-small.svg]
[portion.io/images/parts/what-art-big.svg]
[portion.io/images/how-ornament-line1.svg]
[portion.io/images/fancy-number1.svg]
[portion.io/images/how-image1-01.svg]
[portion.io/images/parts/how-diamond.svg]
[portion.io/images/parts/how-vase.svg]
[portion.io/images/parts/how-watch.svg]
[portion.io/images/parts/how1-check.svg]
[portion.io/images/fancy-number2.svg]
[portion.io/images/how-image2-01.svg]
[portion.io/images/parts/how2-check.svg]
[portion.io/images/how-ornament-line2.svg]
[portion.io/images/fancy-number3.svg]
[portion.io/images/how-image3-01.svg]
[portion.io/images/parts/how3-code.svg]
[portion.io/images/parts/how3-scanner.svg]
[portion.io/images/parts/how3-card.svg]
[portion.io/images/fancy-number4.svg]
[portion.io/images/how-image4-01.svg]
[portion.io/images/parts/how4-pig.svg]
[portion.io/images/parts/how4-check.svg]
[portion.io/images/parts/how-coin.svg]
[portion.io/images/fancy-number5.svg]
[portion.io/images/how-image5-01.svg]
[portion.io/images/parts/how5-mallet.svg]
[portion.io/images/parts/how5-sold.svg]
[portion.io/images/parts/how-dist-hand1.svg]
[portion.io/images/parts/how-dist-hand2.svg]
[portion.io/images/parts/how-dist-hand3.svg]
[portion.io/images/ornament-line-navy.svg]
[portion.io/images/logo-mark-navy.svg]
[portion.io/images/fancy-font-creator.svg]
[portion.io/images/vline-anim.svg]
[portion.io/images/parts/finance-box1-icon.svg]
[portion.io/images/finance-box-bot.svg]
[portion.io/images/parts/finance-box2-icon.svg]
[portion.io/images/parts/finance-box3-icon.svg]
[portion.io/images/meet-ornament-line.svg]
[portion.io/images/meet-phone-bg.svg]
[portion.io/images/token-ornament-top.svg]
[portion.io/images/token-map.svg]
[portion.io/images/fancy-font-token.svg]
[portion.io/images/fancy-font-token-mob.svg]
[portion.io/images/token-ornament-line.svg]
[portion.io/images/crown-lines.svg]
[portion.io/images/token-image1-01.svg]
[portion.io/images/parts/token1-coin.svg]
[portion.io/images/token-image2-01.svg]
[portion.io/images/token-image3-01.svg]
[portion.io/images/parts/token3-coin.svg]
[portion.io/images/parts/token3-frame.svg]
[portion.io/images/token-image4-01.svg]
[portion.io/images/parts/token4-coin1.svg]
[portion.io/images/parts/token4-coin2.svg]
[portion.io/images/parts/token4-diamond.svg]
[portion.io/images/parts/token4-vase.svg]
[portion.io/images/parts/token4-watch.svg]
[portion.io/images/parts/token4-check.svg]
[portion.io/images/parts/token4-arrows.svg]
[portion.io/images/fancy-year-mob-2016.svg]
[portion.io/images/roadmap-ornament-line3.svg]
[portion.io/images/roadmap/rm-icon-110116-01.svg]
[portion.io/images/fancy-year-mob-2017.svg]
[portion.io/images/roadmap/rm-icon-030117-01.svg]
[portion.io/images/roadmap/rm-icon-060117-01.svg]
[portion.io/images/roadmap/rm-icon-081517-01.svg]
[portion.io/images/roadmap/rm-icon-100117-01.svg]
[portion.io/images/roadmap/rm-icon-120117-01.svg]
[portion.io/images/fancy-year-mob-2018.svg]
[portion.io/images/roadmap/rm-icon-041618-01.svg]
[portion.io/images/roadmap/rm-icon-050118-01.svg]
[portion.io/images/roadmap/rm-icon-060518-01.svg]
[portion.io/images/roadmap/rm-icon-081518-01.svg]
[portion.io/images/roadmap/rm-icon-090118-01.svg]
[portion.io/images/fancy-year-mob-2019.svg]
[portion.io/images/roadmap/rm-icon-011518-01.svg]
[portion.io/images/roadmap-ornament-line4.svg]
[portion.io/images/roadmap/rm-icon-011519-01.svg]
[portion.io/images/ornament2.svg]
[portion.io/images/footer-illus.svg]
[portion.io/images/ornament-line-gold.svg]
[p.typekit.net/pb2d2.css]
[portion.io/css/fonts/icomoon317e.svg]
